// Jest Snapshot v1, https://goo.gl/fbAQLP

exports[`Field should match snapshot 1`] = `
<form
  noValidate={true}
  onSubmit={[Function]}
/>
`;

exports[`Form should match snapshot 1`] = `
<form
  noValidate={true}
  onSubmit={[Function]}
/>
`;

exports[`FormPage should match snapshot 1`] = `
<form
  noValidate={true}
  onSubmit={[Function]}
>
  <div>
    <ul
      className="FormPage__PagesNavigation-fkwltY bfNUgn"
    >
      <li
        className="FormPage__NavItem-kKpNlV chQxTR"
      >
        foo
      </li>
    </ul>
    <div
      className="FormPage__PageContent-iNekjJ jFejDm"
    >
      bar
    </div>
    <div
      className="Center-jVIFgs gUWusV"
    >
      <button
        className="Button-hYXUXp ksoPdZ"
        onClick={[Function]}
      >
        Previous
      </button>
      <button
        className="Button-hYXUXp ksoPdZ"
        onClick={[Function]}
      >
        Next
      </button>
    </div>
  </div>
</form>
`;

exports[`components AppContainer component should match snapshot 1`] = `
<div
  className="AppContainer-fyEKNQ dBeOiF"
/>
`;

exports[`components Button component should match snapshot 1`] = `
<button
  className="Button-hYXUXp ceqDRH"
>
  Click me
</button>
`;

exports[`components Center component should match snapshot 1`] = `
<div
  className="Center-jVIFgs gUWusV"
>
  <div>
    foo
  </div>
</div>
`;

exports[`components CheckboxInput component should match snapshot 1`] = `
Array [
  <input
    type="checkbox"
  />,
  <label
    htmlFor={undefined}
  />,
  <p
    className="CheckboxInput__Error-ddbWLI wrdjp"
  />,
]
`;

exports[`components TextInput component should match snapshot 1`] = `
<div
  className="TextInput__InputContainer-eyrJvj fPIlSe"
>
  <label
    htmlFor={undefined}
  >
    : 
    <span
      className="TextInput__Red-eBiRuV eTAOJM"
    >
      *
    </span>
  </label>
  <br />
  <input
    className="TextInput__Input-dYZOmi gmYQdN"
    type="text"
  />
  <p
    className="TextInput__Error-bPOzPg jtXBAh"
  />
</div>
`;
